--------------------------------------------------------------------------------------
Timing Analyzer Summary
--------------------------------------------------------------------------------------

Type           : Worst-case tsu
Slack          : N/A
Required Time  : None
Actual Time    : 2.631 ns
From           : din[0]
To             : temp[1]
From Clock     : --
To Clock       : clk100khz
Failed Paths   : 0

Type           : Worst-case tco
Slack          : N/A
Required Time  : None
Actual Time    : 15.014 ns
From           : dout[0]$latch
To             : dout[0]
From Clock     : clk100khz
To Clock       : --
Failed Paths   : 0

Type           : Worst-case th
Slack          : N/A
Required Time  : None
Actual Time    : 0.443 ns
From           : din[3]
To             : temp[0]
From Clock     : --
To Clock       : clk100khz
Failed Paths   : 0

Type           : Clock Setup: 'clk100khz'
Slack          : N/A
Required Time  : None
Actual Time    : 147.56 MHz ( period = 6.777 ns )
From           : count[11]
To             : count[4]
From Clock     : clk100khz
To Clock       : clk100khz
Failed Paths   : 0

Type           : Clock Hold: 'clk100khz'
Slack          : Not operational: Clock Skew > Data Delay
Required Time  : None
Actual Time    : N/A
From           : cnt[0]
To             : dout[0]$latch
From Clock     : clk100khz
To Clock       : clk100khz
Failed Paths   : 18

Type           : Total number of failed paths
Slack          : 
Required Time  : 
Actual Time    : 
From           : 
To             : 
From Clock     : 
To Clock       : 
Failed Paths   : 18

--------------------------------------------------------------------------------------

